50 50
XXXXXXXXXXXXXXXXXXXXXXXXXXXXXXXXXXXXXXXXXXXXXXXVXX
X     X     X     X     X     X  X  X     X      X
X     X     X     X     X     X  X  X     X      X
X  X  X  X  X  X  X  X  X  X  X  X  X  XXXX  XXXXX
X  X  X  X  X  X  X  X  X  X  X  X  X     X      X
X  X  X  X     X     X     X        X     X      X
X  X  X  X     X     X     X        X  XXXXXXXX  X
X  X  X  XXXXXXXXXXXXXXXXXXXXXXX  XXX  X         X
X  X     X          X     X    X  X    X         X
X  X     X          X     X    X  X       XXXXXXXX
X  XXXXXXXXXXXXXXX  X  X  XXX  X     X           X
X        X             X       X     X           X
X        X             X       XXXXXXXXXXXXXXXX  X
X  XXXXXXXXXXXXXXXXXX  XXXXXX  X       X         X
X        X             X    X  X       X  k      X
X        X             X    X  XXXXXX  X  XXXXX  X
X  XXXXXXXXXX  X  XXXXXXXX  X       X     X      X
X           X  X         X  X       X     X      X
X           X  X         X  XXXXXX  XXXXXXXXXXXXXX
XXXXX  XXXXXX  XXXXXXXXXXX              X        X
X      X                 X              X        X
X      X                 X  XXXXXXXXXX  X  XXXX  X
X  XXXXX  XXXXXXXXXXXXX  X     X     X  X  X     X
X  X      X           X  X     X     X  X  X    iX
X  X      X           X  X  X  X  X  X  X  XXXXXXX
X  XXXXX  X  XXXXXXX  X  X  X  X  X  X  X     X  X
X      X  X  X  X     X  X  X  X  XS X  X     X  X
X      X  X  X  X     X  X  X  X  XXXX  X  XXXX  X
XXXXX  X  X  X  XXXX  X  X  X  X  X     X        X
X      X  X     Xo X  X  X  X  X  X     X        X
X      X  X     X  X  X  X  X  X  X  X  XXXXXXX  X
X  XXXXXXXX  XXXX  X  X  X  X     X  X        X  X
X         X  X           X  X     X  X        X  X
X         X  X           X  X  XXXX  XXXXXXXXXX  X
XXXXXXXX  X  XXXXXXXXXXXXX  X  X           X  X  X
X            X        X  X  X  X           X  X  X
X            X      r X  X  X  X  X  XXXX  X  X  X
X  XXXXXXXXXXX  XXXXXXX  X  X  X  X  X  X  X  X  X
X     X                  X  X  X  X  X  X  X     X
X     X                  X  X  X  X  X  X  X     X
X  X  XXXXXXXXX  XXXXXX  X  XXXXXXX  X  XXXXXXX  X
X  X     X            X  X  X        X        X  X
X  X     X            XXXX  X        X        X  X
X  XXXX  XXXXXXXXXXX  X  X  XXXXXXXXXX  XXXXXXX  X
X  X  X  X            X  X              X     X  X
X  X  X  X            X  X              X     X  X
X  X  X  X  XXXXXXXX  X  XXXXXXXXXXXX   X  XXXX  X
X  X               X                X            X
X  X              pX                X            X
XXXXXXXXXXXXXXXXXXXXXXXXXXXXXXXXXXXXXXXXXXXXXXXXXX
